Spin up repo-driven agent workspaces

Usage:
  agentflow [command]

Available Commands:
  attach      Attach to the tmux session for a task
  auth        Manage stored credentials
  codex       Jump to the primary Codex window for a task
  completion  Generate the autocompletion script for the specified shell
  config      Inspect or write repo config
  doctor      Check required binaries and repo configuration
  down        Tear down a tracked task worktree and session
  gc          Clean up merged task worktrees and sessions
  help        Help about any command
  issues      Inspect available tracker issues
  land        Run preflight checks and enable merge for a task pull request
  list        List tracked tasks
  repair      Repair drift between task state, worktree metadata, and tmux
  review      Run the configured review command for a task
  status      Show local and delivery status for one task or all tasks
  submit      Push a task branch and create or reuse a pull request
  sync        Sync one or more task branches with the repo base branch
  up          Create or resume a task worktree and tmux session
  verify      Run the configured verify command for a task

Flags:
  -h, --help          help for agentflow
      --repo string   Path inside the repo to operate on

Use "agentflow [command] --help" for more information about a command.
